// Jest Snapshot v1, https://goo.gl/fbAQLP

exports[`#DistanceInWords #formatDistance 1`] = `"about 10 hours"`;
