// Jest Snapshot v1, https://goo.gl/fbAQLP

exports[`#AccountNoAccount render 1`] = `
<span>
  <ModalHeader>
    <Illustration
      name="NoResults"
      size="small"
    />
    <Heading
      element="h2"
    >
      <Translate
        html={false}
        t="account.no_bookings_or_account"
        transform={[Function]}
        values={Object {}}
      />
    </Heading>
    <Text
      t="account.no_bookings_or_account_description"
      values={
        Object {
          "brandName": "Kiwi.com",
        }
      }
    />
  </ModalHeader>
  <ModalSection>
    <Stack
      direction="column"
      spacing="natural"
    >
      <Button
        onClick={[Function]}
      >
        <Translate
          html={false}
          t="account.register"
          transform={[Function]}
          values={Object {}}
        />
      </Button>
      <ButtonLink
        iconLeft={<ChevronLeft />}
        onClick={[Function]}
        type="secondary"
      >
        <Translate
          html={false}
          t="account.back"
          transform={[Function]}
          values={Object {}}
        />
      </ButtonLink>
    </Stack>
  </ModalSection>
  <ModalSection
    suppressed={true}
  >
    <Text
      spaceAfter="medium"
      t="account.or_social_account"
      weight="bold"
    />
    <Stack
      flex={true}
      spacing="natural"
    >
      <Button
        block={true}
        bordered={true}
        icon={<Facebook />}
        onClick={[Function]}
        type="facebook"
      >
        <Translate
          html={false}
          t="account.log_in_with"
          transform={[Function]}
          values={
            Object {
              "provider": "Facebook",
            }
          }
        />
      </Button>
      <Button
        block={true}
        bordered={true}
        icon={<Google />}
        onClick={[Function]}
        type="google"
      >
        <Translate
          html={false}
          t="account.log_in_with"
          transform={[Function]}
          values={
            Object {
              "provider": "Google",
            }
          }
        />
      </Button>
    </Stack>
  </ModalSection>
</span>
`;
